// Jest Snapshot v1, https://goo.gl/fbAQLP

exports[`Registration Form snapshots RegistrationInfo form 1`] = `
<fieldset>
  <legend>
    Organization Info
  </legend>
  <label>
    Username
    <span
      className="required"
    >
      *
    </span>
    <input
      name="username"
      onChange={[MockFunction]}
      required={true}
      type="text"
    />
  </label>
  <label>
    Organization Name
    <span
      className="required"
    >
      *
    </span>
    <input
      name="name"
      onChange={[MockFunction]}
      required={true}
      type="text"
    />
  </label>
  <label>
    Email
    <span
      className="required"
    >
      *
    </span>
    <input
      name="email"
      onChange={[MockFunction]}
      required={true}
      type="email"
    />
  </label>
  <label>
    Phone
    <span
      className="required"
    >
      *
    </span>
    <input
      name="phone"
      onChange={[MockFunction]}
      required={true}
      type="tel"
    />
  </label>
  <label>
    Address
    <span
      className="required"
    >
      *
    </span>
    <label>
      Street
      <span
        className="required"
      >
        *
      </span>
      <input
        name="street"
        onChange={[MockFunction]}
        required={true}
        type="text"
      />
    </label>
    <label>
      City
      <span
        className="required"
      >
        *
      </span>
      <input
        name="city"
        onChange={[MockFunction]}
        required={true}
        type="text"
      />
    </label>
    <label>
      Zip Code
      <span
        className="required"
      >
        *
      </span>
      <input
        name="zipcode"
        onChange={[MockFunction]}
        pattern="[0-9]*"
        required={true}
        type="text"
      />
    </label>
  </label>
  <label>
    Organization Bio:
    <textarea
      name="bio"
      onChange={[MockFunction]}
    />
  </label>
  <label>
    Password
    <span
      className="required"
    >
      *
    </span>
    <input
      name="password"
      onChange={[MockFunction]}
      required={true}
      type="password"
    />
  </label>
  <label>
    Confirm Password
    <span
      className="required"
    >
      *
    </span>
    <input
      name="confirmPassword"
      onChange={[MockFunction]}
      required={true}
      type="password"
    />
  </label>
</fieldset>
`;
