// Jest Snapshot v1, https://goo.gl/fbAQLP

exports[`Resources snapshots Resources 1`] = `
<section
  className="Resources"
>
  <section>
    <img
      alt="The Org1 Logo"
      src="org.com"
    />
    <h2>
      The Org1
    </h2>
    <p>
      The bestest organization ever!
    </p>
  </section>
  <section>
    <img
      alt="The Org2 Logo"
      src="org.com"
    />
    <h2>
      The Org2
    </h2>
    <p>
      The bestest organization ever!
    </p>
  </section>
  <section>
    <img
      alt="The Org3 Logo"
      src="org.com"
    />
    <h2>
      The Org3
    </h2>
    <p>
      The bestest organization ever!
    </p>
  </section>
</section>
`;
