// Jest Snapshot v1, https://goo.gl/fbAQLP

exports[`SubmitEvent snapshots SubmitEvent logged in and active 1`] = `
<form
  className="Form"
  onSubmit={[Function]}
>
  <fieldset>
    <legend>
      Event Contact Info
    </legend>
    <label>
      Name
      <span
        className="required"
      >
        *
      </span>
      :
      <input
        name="contactName"
        onChange={[MockFunction]}
        required={true}
        type="text"
      />
    </label>
    <label
      name="email"
    >
      Email
      <span
        className="required"
      >
        *
      </span>
      :
      <input
        name="email"
        onChange={[MockFunction]}
        required={true}
        type="email"
      />
    </label>
    <label>
      Phone #
      <span
        className="required"
      >
        *
      </span>
      :
      <input
        name="phone"
        onChange={[MockFunction]}
        required={true}
        type="tel"
      />
    </label>
  </fieldset>
  <fieldset>
    <legend>
      Event Details
    </legend>
    <label>
      Event Name
      <input
        name="name"
        onChange={[MockFunction]}
        type="text"
      />
    </label>
    <label>
      Registration Link
      <input
        name="website"
        onChange={[MockFunction]}
        type="text"
      />
    </label>
    <label>
      Date
      <span
        className="required"
      >
        *
      </span>
      :
      <input
        name="date"
        onChange={[MockFunction]}
        required={true}
        type="date"
      />
    </label>
    <label>
      Time
      <span
        className="required"
      >
        *
      </span>
      :
      <input
        name="time"
        onChange={[MockFunction]}
        required={true}
        type="string"
      />
    </label>
    <label>
      Location
      <span
        className="required"
      >
        *
      </span>
      :
      <input
        name="venue"
        onChange={[MockFunction]}
        placeholder="Venue"
        required={true}
        type="text"
      />
      <input
        name="address"
        onChange={[MockFunction]}
        placeholder="Address"
        required={true}
        type="text"
      />
      <input
        name="city"
        onChange={[MockFunction]}
        placeholder="City"
        type="text"
      />
      <input
        name="state"
        onChange={[MockFunction]}
        placeholder="State"
        type="state"
      />
      <input
        name="zipcode"
        onChange={[MockFunction]}
        placeholder="Zipcode"
        type="zipcode"
      />
    </label>
    <label>
      Price
      <span
        className="required"
      >
        *
      </span>
      :
      <input
        min="0"
        name="price"
        onChange={[MockFunction]}
        placeholder="$"
        required={true}
        type="number"
      />
    </label>
    <label
      className="radio"
    >
      Reduced Rate Available:
      <input
        name="reducedRate"
        onChange={[MockFunction]}
        type="checkbox"
        value="1"
      />
    </label>
    <p>
      Age
      <span
        className="required"
      >
        *
      </span>
    </p>
    <input
      name="age"
      onChange={[MockFunction]}
      required={true}
      type="radio"
      value="0"
    />
    All ages
    <br />
    <input
      name="age"
      onChange={[MockFunction]}
      type="radio"
      value="1"
    />
    Enter an age range
    <label>
      <input
        max="100"
        min="0"
        name="ageMin"
        onChange={[MockFunction]}
        placeholder="Min Age"
        type="number"
      />
      <input
        max="100"
        min="0"
        name="ageMax"
        onChange={[MockFunction]}
        placeholder="Max Age"
        type="number"
      />
    </label>
    <label>
      Category
      <span
        className="required"
      >
        *
      </span>
      <select
        name="category"
        onChange={[MockFunction]}
        required={true}
      >
        <option
          hidden={true}
          value="DEFAULT"
        >
          Category
        </option>
        <option
          value="Sports"
        >
          Sports
        </option>
        <option
          value="Art"
        >
          Art
        </option>
        <option
          value="Music"
        >
          Music
        </option>
        <option
          value="Performance"
        >
          Performance
        </option>
        <option
          value="Educational"
        >
          Educational
        </option>
        <option
          value="Volunteer"
        >
          Volunteer
        </option>
      </select>
    </label>
    <label>
      Description
      <span
        className="required"
      >
        *
      </span>
      <textarea
        name="description"
        onChange={[MockFunction]}
        required={true}
      />
    </label>
    <label
      className="radio"
    >
      By checking the box, you agree that your organization accepts all liability for this event.
      <span
        className="required"
      >
        *
      </span>
      <input
        name="liability"
        onChange={[MockFunction]}
        required={true}
        type="checkbox"
        value="1"
      />
    </label>
  </fieldset>
  <button
    type="submit"
  >
    CREATE EVENT
  </button>
</form>
`;

exports[`SubmitEvent snapshots SubmitEvent logged in and inactive org 1`] = `"/activate"`;

exports[`SubmitEvent snapshots SubmitEvent logged out 1`] = `"/login"`;
