// Jest Snapshot v1, https://goo.gl/fbAQLP

exports[`SubmitEvent snapshots SubmitEvent logged in 1`] = `
<form
  className="Form"
  onSubmit={[Function]}
>
  <fieldset>
    <legend>
      Event Contact Info
    </legend>
    <label>
      Contact Name:
      <input
        name="contactName"
        onChange={[MockFunction]}
        required={true}
        type="text"
        value="Shaba R"
      />
    </label>
    <label
      name="email"
    >
      Email:
      <input
        name="email"
        onChange={[MockFunction]}
        required={true}
        type="email"
        value="org@email.com"
      />
    </label>
    <label>
      Phone #:
      <input
        name="phone"
        onChange={[MockFunction]}
        required={true}
        type="tel"
        value="5551234567"
      />
    </label>
  </fieldset>
  <fieldset>
    <legend>
      Event Details
    </legend>
    <label>
      Event Name:
      <input
        name="name"
        onChange={[MockFunction]}
        type="text"
        value="The Event"
      />
    </label>
    <label>
      Website:
      <input
        name="website"
        onChange={[MockFunction]}
        type="text"
        value="org.com"
      />
    </label>
    <label>
      Date:
      <input
        name="date"
        onChange={[MockFunction]}
        required={true}
        type="date"
        value="5/21/2019"
      />
    </label>
    <label>
      Time:
      <input
        name="time"
        onChange={[MockFunction]}
        required={true}
        type="time"
        value="2PM"
      />
    </label>
    <label>
      Location:
      <input
        name="venue"
        onChange={[MockFunction]}
        placeholder="Venue"
        required={true}
        type="text"
        value="Library"
      />
      <input
        name="address"
        onChange={[MockFunction]}
        placeholder="Address"
        required={true}
        type="text"
        value="123 Main St."
      />
      <input
        name="city"
        onChange={[MockFunction]}
        placeholder="City"
        type="text"
        value="Portland"
      />
      <input
        name="state"
        onChange={[MockFunction]}
        placeholder="State"
        type="state"
        value="OR"
      />
      <input
        name="zipcode"
        onChange={[MockFunction]}
        placeholder="Zipcode"
        type="zipcode"
        value="97203"
      />
    </label>
    <label>
      Price:
      <input
        min="0"
        name="price"
        onChange={[MockFunction]}
        placeholder="$"
        required={true}
        type="number"
        value="200"
      />
    </label>
    <label
      className="radio"
    >
      Reduced Rate Available:
      <input
        name="reducedRate"
        onChange={[MockFunction]}
        type="checkbox"
        value=""
      />
    </label>
    <label>
      Age Range:
      <input
        min="0"
        name="minAge"
        onChange={[MockFunction]}
        placeholder="Min Age"
        required={true}
        type="number"
        value="8"
      />
      <input
        min="0"
        name="maxAge"
        onChange={[MockFunction]}
        placeholder="Max Age"
        required={true}
        type="number"
        value="14"
      />
    </label>
    <label>
      Category:
      <select
        name="category"
        onChange={[MockFunction]}
        required={true}
        value="Art"
      >
        <option
          hidden={true}
          value="DEFAULT"
        >
          Category
        </option>
        <option
          value="Sports"
        >
          Sports
        </option>
        <option
          value="Art"
        >
          Art
        </option>
        <option
          value="Music"
        >
          Music
        </option>
        <option
          value="Performance"
        >
          Performance
        </option>
        <option
          value="Educational"
        >
          Educational
        </option>
        <option
          value="Volunteer"
        >
          Volunteer
        </option>
      </select>
    </label>
    <label>
      Description
      <textarea
        name="description"
        onChange={[MockFunction]}
        required={true}
        value="blah de blah"
      />
    </label>
    <label
      className="radio"
    >
      By checking the box, you agree that your organization accepts all liability for this event:
      <input
        name="liability"
        onChange={[MockFunction]}
        required={true}
        type="checkbox"
        value=""
      />
    </label>
  </fieldset>
  <button
    type="submit"
  >
    CREATE EVENT
  </button>
</form>
`;

exports[`SubmitEvent snapshots SubmitEvent logged out 1`] = `
<h1>
  Please 
  <a
    href="/login"
    onClick={[Function]}
  >
    Log In
  </a>
    to post an event!
</h1>
`;
