// Jest Snapshot v1, https://goo.gl/fbAQLP

exports[`SubmitEvent snapshots SubmitEvent 1`] = `
<form
  className="Form"
  onSubmit={[Function]}
>
  <fieldset>
    <legend>
      Event Contact Info
    </legend>
    <label>
      Name:
      <input
        name="contactName"
        onChange={[MockFunction]}
        required={true}
        type="text"
      />
    </label>
    <label
      name="email"
    >
      Email:
      <input
        name="email"
        onChange={[MockFunction]}
        required={true}
        type="email"
      />
    </label>
    <label>
      Phone #:
      <input
        name="phone"
        onChange={[MockFunction]}
        required={true}
        type="tel"
      />
    </label>
  </fieldset>
  <fieldset>
    <legend>
      Event Details
    </legend>
    <label>
      Name:
      <input
        name="name"
        onChange={[MockFunction]}
        type="text"
      />
    </label>
    <label>
      Website:
      <input
        name="website"
        onChange={[MockFunction]}
        type="text"
      />
    </label>
    <label>
      Date:
      <input
        name="date"
        onChange={[MockFunction]}
        required={true}
        type="date"
      />
    </label>
    <label>
      Time:
      <input
        name="time"
        onChange={[MockFunction]}
        required={true}
        type="time"
      />
    </label>
    <label>
      Location:
      <input
        name="venue"
        onChange={[MockFunction]}
        placeholder="Venue"
        required={true}
        type="text"
      />
      <input
        name="address"
        onChange={[MockFunction]}
        placeholder="Address"
        required={true}
        type="text"
      />
      <input
        name="city"
        onChange={[MockFunction]}
        placeholder="City"
        type="text"
      />
      <input
        name="state"
        onChange={[MockFunction]}
        placeholder="State"
        type="state"
      />
      <input
        name="zipcode"
        onChange={[MockFunction]}
        placeholder="Zipcode"
        type="zipcode"
      />
    </label>
    <label>
      Price:
      <input
        min="0"
        name="price"
        onChange={[MockFunction]}
        placeholder="$"
        required={true}
        type="number"
      />
    </label>
    <label
      className="radio"
    >
      Reduced Rate Available:
      <input
        name="reducedRate"
        onChange={[MockFunction]}
        type="checkbox"
        value=""
      />
    </label>
    <label>
      Age Range:
      <input
        min="0"
        name="minAge"
        onChange={[MockFunction]}
        placeholder="Min Age"
        required={true}
        type="number"
      />
      <input
        min="0"
        name="maxAge"
        onChange={[MockFunction]}
        placeholder="Max Age"
        required={true}
        type="number"
      />
    </label>
    <label>
      Category:
      <select
        name="category"
        onChange={[MockFunction]}
        required={true}
      >
        <option
          hidden={true}
          value="DEFAULT"
        >
          Category
        </option>
        <option
          value="Sports"
        >
          Sports
        </option>
        <option
          value="Art"
        >
          Art
        </option>
        <option
          value="Music"
        >
          Music
        </option>
        <option
          value="Performance"
        >
          Performance
        </option>
        <option
          value="Educational"
        >
          Educational
        </option>
        <option
          value="Volunteer"
        >
          Volunteer
        </option>
      </select>
    </label>
    <label>
      Description
      <textarea
        name="description"
        onChange={[MockFunction]}
        required={true}
      />
    </label>
    <label
      className="radio"
    >
      By checking the box, you agree that your organization accepts all liability for this event:
      <input
        name="liability"
        onChange={[MockFunction]}
        required={true}
        type="checkbox"
        value=""
      />
    </label>
  </fieldset>
  <button
    type="submit"
  >
    CREATE EVENT
  </button>
</form>
`;
