// Jest Snapshot v1, https://goo.gl/fbAQLP

exports[`AboutUs snapshots About Us 1`] = `
<section
  className="AboutUs"
>
  <h1>
    About Us
  </h1>
  <p>
    hellohellohellohellohellohellohellohellohellohello
  </p>
  <p>
    hellohellohellohellohellohellohellohellohellohello
  </p>
  <p>
    hellohellohellohellohellohellohellohellohellohello
  </p>
  <p>
    hellohellohellohellohellohellohellohellohellohello
  </p>
  <p>
    hellohellohellohellohellohellohellohellohellohello
  </p>
  <p>
    hellohellohellohellohellohellohellohellohellohello
  </p>
  <h2>
    Teonna Zaragoza
  </h2>
  <p>
    hellohellohellohellohellohellohellohellohellohello
  </p>
  <p>
    hellohellohellohellohellohellohellohellohellohello
  </p>
  <p>
    hellohellohellohellohellohellohellohellohellohello
  </p>
  <p>
    hellohellohellohellohellohellohellohellohellohello
  </p>
  <p>
    hellohellohellohellohellohellohellohellohellohello
  </p>
  <p>
    hellohellohellohellohellohellohellohellohellohello
  </p>
  <p>
    hellohellohellohellohellohellohellohellohellohello
  </p>
  <h2>
    Dyanna Tolman
  </h2>
  <p>
    hellohellohellohellohellohellohellohellohellohello
  </p>
  <p>
    hellohellohellohellohellohellohellohellohellohello
  </p>
  <p>
    hellohellohellohellohellohellohellohellohellohello
  </p>
  <p>
    hellohellohellohellohellohellohellohellohellohello
  </p>
  <p>
    hellohellohellohellohellohellohellohellohellohello
  </p>
  <p>
    hellohellohellohellohellohellohellohellohellohello
  </p>
  <p>
    hellohellohellohellohellohellohellohellohellohello
  </p>
  <h2>
    Shaba Rahavi
  </h2>
  <p>
    hellohellohellohellohellohellohellohellohellohello
  </p>
  <p>
    hellohellohellohellohellohellohellohellohellohello
  </p>
  <p>
    hellohellohellohellohellohellohellohellohellohello
  </p>
  <p>
    hellohellohellohellohellohellohellohellohellohello
  </p>
  <p>
    hellohellohellohellohellohellohellohellohellohello
  </p>
  <p>
    hellohellohellohellohellohellohellohellohellohello
  </p>
  <p>
    hellohellohellohellohellohellohellohellohellohello
  </p>
</section>
`;
